FIRST_PLAYER_WINS
FIRST_PLAYER_WINS
FIRST_PLAYER_WINS
FIRST_PLAYER_WINS
FIRST_PLAYER_WINS
FIRST_PLAYER_WINS
FIRST_PLAYER_WINS
FIRST_PLAYER_WINS
FIRST_PLAYER_WINS
FIRST_PLAYER_WINS
FIRST_PLAYER_WINS
FIRST_PLAYER_WINS
FIRST_PLAYER_WINS
FIRST_PLAYER_WINS
FIRST_PLAYER_WINS
FIRST_PLAYER_WINS
FIRST_PLAYER_WINS
FIRST_PLAYER_WINS
FIRST_PLAYER_WINS
FIRST_PLAYER_WINS
FIRST_PLAYER_WINS
FIRST_PLAYER_WINS
FIRST_PLAYER_WINS
FIRST_PLAYER_WINS
FIRST_PLAYER_WINS
FIRST_PLAYER_WINS
FIRST_PLAYER_WINS
FIRST_PLAYER_WINS
FIRST_PLAYER_WINS
FIRST_PLAYER_WINS
FIRST_PLAYER_WINS
FIRST_PLAYER_WINS
FIRST_PLAYER_WINS
FIRST_PLAYER_WINS
FIRST_PLAYER_WINS
FIRST_PLAYER_WINS
FIRST_PLAYER_WINS
FIRST_PLAYER_WINS
FIRST_PLAYER_WINS
FIRST_PLAYER_WINS
